--- STARTING FULL SYSTEM FLOW TEST ---
1. Registering users...
Connected to MySQL database
2. Logging in...
DEBUG: Owner Login Response: {
  "token": "eyJhbGciOiJIUzI1NiIsInR5cCI6IkpXVCJ9.eyJpZCI6NTcsInJvbGUiOiJzdHVkZW50IiwiaWF0IjoxNzcxMjQ2MzM0LCJleHAiOjE3NzE4NTExMzR9.YUQku80jAqUvaW-trWJWrGBpFWIRzJo0d0Zhx5FxsWU",
  "user": {
    "id": 57,
    "name": "Owner",
    "email": "owner_1771246333863@test.com",
    "role": "student"
  }
}
   Owner ID: 57, Finder ID: 58
   Finder Initial Credits: 0
3. Creating Lost & Found Reports...
node : Γ¥î Error: {
At line:1 char:1
+ node 
test_full_flow.js > 
test_output.txt 2>&1
+ ~~~~~~~~~~~~~~~~~~~
~~~~~~~~~~~~~~~~~~~~~
~~~~~
    + CategoryInfo   
           : NotSpe  
  cified: (Γ¥î Err   
 or: {:String) []    
, RemoteExceptio    n
    + FullyQualified 
   ErrorId : Native  
  CommandError
 
  message: 'Server 
Error',
  error: 'Bind 
parameters must not 
contain undefined. 
To pass SQL NULL 
specify JS null'
}
